To honour the JVM settings for this build a single-use Daemon process will be forked. For more on this, please refer to https://docs.gradle.org/8.8/userguide/gradle_daemon.html#sec:disabling_the_daemon in the Gradle documentation.
Daemon will be stopped at the end of the build 

> Task :compileJava
.\gradlew.bat : E:\代码\MC模组\Life_contract - 副本\src\main\java\org\alku\life_contract\Prof
ession.java:102: 错误: 对于Profession(String,String,String,boolean,String,String,float,int,
int,float,float,int,int,float,String,int,int,boolean,int,boolean,float,int,boolean,floa
t,int,float,float,boolean,boolean,float,int,boolean,boolean,int,boolean,float,float,int
,float,boolean,int,ArrayList<Object>,boolean,int,ArrayList<Object>,boolean,boolean,bool
ean,float,float,int,boolean,int,int,int,boolean,boolean,int,float,boolean,float,boolean
,float,float,float,float,boolean,float,boolean,float,boolean,int,int), 找不到合适的构造器
所在位置 行:1 字符: 49
+ ... u\zulu-17'; .\gradlew.bat compileJava --no-daemon 2>&1 > compile_outp ...
+                 ~~~~~~~~~~~~~~~~~~~~~~~~~~~~~~~~~~~~~~~~~~~~~~~~~~~~~~~~~
    + CategoryInfo          : NotSpecified: (E:\代码\MC模组\Life...int), 找不到合适的构造器:String) 
    [], RemoteException
    + FullyQualifiedErrorId : NativeCommandError
 
        this(id, name, description, requiresPassword, password, iconItem, 0.0f, 0, 0, 0
.0f, 0.0f, 0, 0, 1.0f, "", 0, 0, false, 0, false, 0.0f, 0, false, 0.0f, 0, 0.0f, 0.0f, 
false, false, 0.0f, 0, false, false, 0, false, 0.0f, 0.0f, 0, 0.0f, false, 0, new Array
List<>(), false, 0, new ArrayList<>(), false, false, false, 0.0f, 0.0f, 0, false, 100, 
1, 5, false, false, 0, 0.0f, false, 0.0f, false, 0.0f, 0.0f, 0.0f, 0.0f, false, 0.0f, f
alse, 0.0f, false, 0, 0);
        ^
    构造器 Profession.Profession(String,String,String,boolean,String,String)不适用
      (实际参数列表和形式参数列表长度不同)
    构造器 Profession.Profession(String,String,String,boolean,String,String,float)不适用
      (实际参数列表和形式参数列表长度不同)
    构造器 Profession.Profession(String,String,String,boolean,String,String,float,int,int,
float)不适用
      (实际参数列表和形式参数列表长度不同)
    构造器 Profession.Profession(String,String,String,boolean,String,String,float,int,int,
float,float,int,int,float,String,int,int)不适用
      (实际参数列表和形式参数列表长度不同)
    构造器 Profession.Profession(String,String,String,boolean,String,String,float,int,int,
float,float,int,int,float,String,int,int,boolean,int,boolean,float,int)不适用
      (实际参数列表和形式参数列表长度不同)
    构造器 Profession.Profession(String,String,String,boolean,String,String,float,int,int,
float,float,int,int,float,String,int,int,boolean,int,boolean,float,int,boolean,float,in
t,float,float,boolean,boolean,float,int,boolean)不适用
      (实际参数列表和形式参数列表长度不同)
    构造器 Profession.Profession(String,String,String,boolean,String,String,float,int,int,
float,float,int,int,float,String,int,int,boolean,int,boolean,float,int,boolean,float,in
t,float,float,boolean,boolean,float,int,boolean,boolean,int)不适用
      (实际参数列表和形式参数列表长度不同)
    构造器 Profession.Profession(String,String,String,boolean,String,String,float,int,int,
float,float,int,int,float,String,int,int,boolean,int,boolean,float,int,boolean,float,in
t,float,float,boolean,boolean,float,int,boolean,boolean,int,boolean,float,float,int,flo
at,boolean,int,List<String>)不适用
      (实际参数列表和形式参数列表长度不同)
    构造器 Profession.Profession(String,String,String,boolean,String,String,float,int,int,
float,float,int,int,float,String,int,int,boolean,int,boolean,float,int,boolean,float,in
t,float,float,boolean,boolean,float,int,boolean,boolean,int,boolean,float,float,int,flo
at,boolean,int,List<String>,boolean,int,List<String>)不适用
      (实际参数列表和形式参数列表长度不同)
    构造器 Profession.Profession(String,String,String,boolean,String,String,float,int,int,
float,float,int,int,float,String,int,int,boolean,int,boolean,float,int,boolean,float,in
t,float,float,boolean,boolean,float,int,boolean,boolean,int,boolean,float,float,int,flo
at,boolean,int,List<String>,boolean,int,List<String>,boolean)不适用
      (实际参数列表和形式参数列表长度不同)
    构造器 Profession.Profession(String,String,String,boolean,String,String,float,int,int,
float,float,int,int,float,String,int,int,boolean,int,boolean,float,int,boolean,float,in
t,float,float,boolean,boolean,float,int,boolean,boolean,int,boolean,float,float,int,flo
at,boolean,int,List<String>,boolean,int,List<String>,boolean,boolean)不适用
      (实际参数列表和形式参数列表长度不同)
    构造器 Profession.Profession(String,String,String,boolean,String,String,float,int,int,
float,float,int,int,float,String,int,int,boolean,int,boolean,float,int,boolean,float,in
t,float,float,boolean,boolean,float,int,boolean,boolean,int,boolean,float,float,int,flo
at,boolean,int,List<String>,boolean,int,List<String>,boolean,boolean,boolean,float,floa
t,int,boolean,int,int,int,boolean,boolean,int,float,boolean,float,boolean,float,float,f
loat,float,boolean,int,float)不适用
      (实际参数列表和形式参数列表长度不同)
    构造器 Profession.Profession(String,String,String,boolean,String,String,float,int,int,
float,float,int,int,float,String,int,int,boolean,int,boolean,float,int,boolean,float,in
t,float,float,boolean,boolean,float,int,boolean,boolean,int,boolean,float,float,int,flo
at,boolean,int,List<String>,boolean,int,List<String>,boolean,boolean,boolean,boolean,fl
oat,float,int,boolean,boolean,boolean)不适用
      (实际参数列表和形式参数列表长度不同)
    构造器 Profession.Profession(String,String,String,boolean,String,String,float,int,int,
float,float,int,int,float,String,int,int,boolean,int,boolean,float,int,boolean,float,in
t,float,float,boolean,boolean,float,int,boolean,boolean,int,boolean,float,float,int,flo
at,boolean,int,List<String>,boolean,int,List<String>,boolean,boolean,boolean,boolean,in
t,float,boolean,float,boolean,float,float,int)不适用
      (实际参数列表和形式参数列表长度不同)
    构造器 Profession.Profession(String,String,String,boolean,String,String,float,int,int,
float,float,int,int,float,String,int,int,boolean,int,boolean,float,int,boolean,float,in
t,float,float,boolean,boolean,float,int,boolean,boolean,int,boolean,float,float,int,flo
at,boolean,int,List<String>,boolean,int,List<String>,boolean,boolean,boolean,float,floa
t,int,boolean,int,int,int,boolean,boolean,int,float,boolean,float,boolean,float,float,f
loat,float,boolean,boolean,boolean,boolean,int,int,boolean,int,int,int,int,int,boolean,
int,int,boolean,float,int,float,boolean,int,float)不适用
      (实际参数列表和形式参数列表长度不同)
E:\代码\MC模组\Life_contract - 副本\src\main\java\org\alku\life_contract\Profession.java:106:
 错误: 对于Profession(String,String,String,boolean,String,String,float,int,int,float,float,
int,int,float,String,int,int,boolean,int,boolean,float,int,boolean,float,int,float,floa
t,boolean,boolean,float,int,boolean,boolean,int,boolean,float,float,int,float,boolean,i
nt,ArrayList<Object>,boolean,int,ArrayList<Object>,boolean,boolean,boolean,float,float,
int,boolean,int,int,int,boolean,boolean,int,float,boolean,float,boolean,float,float,flo
at,float,boolean,float,boolean,float,boolean,int,int), 找不到合适的构造器
        this(id, name, description, requiresPassword, password, iconItem, bonusDamagePe
rcent, 0, 0, 0.0f, 0.0f, 0, 0, 1.0f, "", 0, 0, false, 0, false, 0.0f, 0, false, 0.0f, 0
, 0.0f, 0.0f, false, false, 0.0f, 0, false, false, 0, false, 0.0f, 0.0f, 0, 0.0f, false
, 0, new ArrayList<>(), false, 0, new ArrayList<>(), false, false, false, 0.0f, 0.0f, 0
, false, 100, 1, 5, false, false, 0, 0.0f, false, 0.0f, false, 0.0f, 0.0f, 0.0f, 0.0f, 
false, 0.0f, false, 0.0f, false, 0, 0);
        ^
    构造器 Profession.Profession(String,String,String,boolean,String,String)不适用
      (实际参数列表和形式参数列表长度不同)
    构造器 Profession.Profession(String,String,String,boolean,String,String,float)不适用
      (实际参数列表和形式参数列表长度不同)
    构造器 Profession.Profession(String,String,String,boolean,String,String,float,int,int,
float)不适用
      (实际参数列表和形式参数列表长度不同)
    构造器 Profession.Profession(String,String,String,boolean,String,String,float,int,int,
float,float,int,int,float,String,int,int)不适用
      (实际参数列表和形式参数列表长度不同)
    构造器 Profession.Profession(String,String,String,boolean,String,String,float,int,int,
float,float,int,int,float,String,int,int,boolean,int,boolean,float,int)不适用
      (实际参数列表和形式参数列表长度不同)
    构造器 Profession.Profession(String,String,String,boolean,String,String,float,int,int,
float,float,int,int,float,String,int,int,boolean,int,boolean,float,int,boolean,float,in
t,float,float,boolean,boolean,float,int,boolean)不适用
      (实际参数列表和形式参数列表长度不同)
    构造器 Profession.Profession(String,String,String,boolean,String,String,float,int,int,
float,float,int,int,float,String,int,int,boolean,int,boolean,float,int,boolean,float,in
t,float,float,boolean,boolean,float,int,boolean,boolean,int)不适用
      (实际参数列表和形式参数列表长度不同)
    构造器 Profession.Profession(String,String,String,boolean,String,String,float,int,int,
float,float,int,int,float,String,int,int,boolean,int,boolean,float,int,boolean,float,in
t,float,float,boolean,boolean,float,int,boolean,boolean,int,boolean,float,float,int,flo
at,boolean,int,List<String>)不适用
      (实际参数列表和形式参数列表长度不同)
    构造器 Profession.Profession(String,String,String,boolean,String,String,float,int,int,
float,float,int,int,float,String,int,int,boolean,int,boolean,float,int,boolean,float,in
t,float,float,boolean,boolean,float,int,boolean,boolean,int,boolean,float,float,int,flo
at,boolean,int,List<String>,boolean,int,List<String>)不适用
      (实际参数列表和形式参数列表长度不同)
    构造器 Profession.Profession(String,String,String,boolean,String,String,float,int,int,
float,float,int,int,float,String,int,int,boolean,int,boolean,float,int,boolean,float,in
t,float,float,boolean,boolean,float,int,boolean,boolean,int,boolean,float,float,int,flo
at,boolean,int,List<String>,boolean,int,List<String>,boolean)不适用
      (实际参数列表和形式参数列表长度不同)
    构造器 Profession.Profession(String,String,String,boolean,String,String,float,int,int,
float,float,int,int,float,String,int,int,boolean,int,boolean,float,int,boolean,float,in
t,float,float,boolean,boolean,float,int,boolean,boolean,int,boolean,float,float,int,flo
at,boolean,int,List<String>,boolean,int,List<String>,boolean,boolean)不适用
      (实际参数列表和形式参数列表长度不同)
    构造器 Profession.Profession(String,String,String,boolean,String,String,float,int,int,
float,float,int,int,float,String,int,int,boolean,int,boolean,float,int,boolean,float,in
t,float,float,boolean,boolean,float,int,boolean,boolean,int,boolean,float,float,int,flo
at,boolean,int,List<String>,boolean,int,List<String>,boolean,boolean,boolean,float,floa
t,int,boolean,int,int,int,boolean,boolean,int,float,boolean,float,boolean,float,float,f
loat,float,boolean,int,float)不适用
      (实际参数列表和形式参数列表长度不同)
    构造器 Profession.Profession(String,String,String,boolean,String,String,float,int,int,
float,float,int,int,float,String,int,int,boolean,int,boolean,float,int,boolean,float,in
t,float,float,boolean,boolean,float,int,boolean,boolean,int,boolean,float,float,int,flo
at,boolean,int,List<String>,boolean,int,List<String>,boolean,boolean,boolean,boolean,fl
oat,float,int,boolean,boolean,boolean)不适用
      (实际参数列表和形式参数列表长度不同)
    构造器 Profession.Profession(String,String,String,boolean,String,String,float,int,int,
float,float,int,int,float,String,int,int,boolean,int,boolean,float,int,boolean,float,in
t,float,float,boolean,boolean,float,int,boolean,boolean,int,boolean,float,float,int,flo
at,boolean,int,List<String>,boolean,int,List<String>,boolean,boolean,boolean,boolean,in
t,float,boolean,float,boolean,float,float,int)不适用
      (实际参数列表和形式参数列表长度不同)
    构造器 Profession.Profession(String,String,String,boolean,String,String,float,int,int,
float,float,int,int,float,String,int,int,boolean,int,boolean,float,int,boolean,float,in
t,float,float,boolean,boolean,float,int,boolean,boolean,int,boolean,float,float,int,flo
at,boolean,int,List<String>,boolean,int,List<String>,boolean,boolean,boolean,float,floa
t,int,boolean,int,int,int,boolean,boolean,int,float,boolean,float,boolean,float,float,f
loat,float,boolean,boolean,boolean,boolean,int,int,boolean,int,int,int,int,int,boolean,
int,int,boolean,float,int,float,boolean,int,float)不适用
      (实际参数列表和形式参数列表长度不同)
E:\代码\MC模组\Life_contract - 副本\src\main\java\org\alku\life_contract\Profession.java:111:
 错误: 对于Profession(String,String,String,boolean,String,String,float,int,int,float,float,
int,int,float,String,int,int,boolean,int,boolean,float,int,boolean,float,int,float,floa
t,boolean,boolean,float,int,boolean,boolean,int,boolean,float,float,int,float,boolean,i
nt,ArrayList<Object>,boolean,int,ArrayList<Object>,boolean,boolean,boolean,float,float,
int,boolean,int,int,int,boolean,boolean,int,float,boolean,float,boolean,float,float,flo
at,float,boolean,float,boolean,float,boolean,int,int), 找不到合适的构造器
        this(id, name, description, requiresPassword, password, iconItem, bonusDamagePe
rcent, slownessLevel, weaknessLevel, bonusArmor, 0.0f, 0, 0, 1.0f, "", 0, 0, false, 0, 
false, 0.0f, 0, false, 0.0f, 0, 0.0f, 0.0f, false, false, 0.0f, 0, false, false, 0, fal
se, 0.0f, 0.0f, 0, 0.0f, false, 0, new ArrayList<>(), false, 0, new ArrayList<>(), fals
e, false, false, 0.0f, 0.0f, 0, false, 100, 1, 5, false, false, 0, 0.0f, false, 0.0f, f
alse, 0.0f, 0.0f, 0.0f, 0.0f, false, 0.0f, false, 0.0f, false, 0, 0);
        ^
    构造器 Profession.Profession(String,String,String,boolean,String,String)不适用
      (实际参数列表和形式参数列表长度不同)
    构造器 Profession.Profession(String,String,String,boolean,String,String,float)不适用
      (实际参数列表和形式参数列表长度不同)
    构造器 Profession.Profession(String,String,String,boolean,String,String,float,int,int,
float)不适用
      (实际参数列表和形式参数列表长度不同)
    构造器 Profession.Profession(String,String,String,boolean,String,String,float,int,int,
float,float,int,int,float,String,int,int)不适用
      (实际参数列表和形式参数列表长度不同)
    构造器 Profession.Profession(String,String,String,boolean,String,String,float,int,int,
float,float,int,int,float,String,int,int,boolean,int,boolean,float,int)不适用
      (实际参数列表和形式参数列表长度不同)
    构造器 Profession.Profession(String,String,String,boolean,String,String,float,int,int,
float,float,int,int,float,String,int,int,boolean,int,boolean,float,int,boolean,float,in
t,float,float,boolean,boolean,float,int,boolean)不适用
      (实际参数列表和形式参数列表长度不同)
    构造器 Profession.Profession(String,String,String,boolean,String,String,float,int,int,
float,float,int,int,float,String,int,int,boolean,int,boolean,float,int,boolean,float,in
t,float,float,boolean,boolean,float,int,boolean,boolean,int)不适用
      (实际参数列表和形式参数列表长度不同)
    构造器 Profession.Profession(String,String,String,boolean,String,String,float,int,int,
float,float,int,int,float,String,int,int,boolean,int,boolean,float,int,boolean,float,in
t,float,float,boolean,boolean,float,int,boolean,boolean,int,boolean,float,float,int,flo
at,boolean,int,List<String>)不适用
      (实际参数列表和形式参数列表长度不同)
    构造器 Profession.Profession(String,String,String,boolean,String,String,float,int,int,
float,float,int,int,float,String,int,int,boolean,int,boolean,float,int,boolean,float,in
t,float,float,boolean,boolean,float,int,boolean,boolean,int,boolean,float,float,int,flo
at,boolean,int,List<String>,boolean,int,List<String>)不适用
      (实际参数列表和形式参数列表长度不同)
    构造器 Profession.Profession(String,String,String,boolean,String,String,float,int,int,
float,float,int,int,float,String,int,int,boolean,int,boolean,float,int,boolean,float,in
t,float,float,boolean,boolean,float,int,boolean,boolean,int,boolean,float,float,int,flo
at,boolean,int,List<String>,boolean,int,List<String>,boolean)不适用
      (实际参数列表和形式参数列表长度不同)
    构造器 Profession.Profession(String,String,String,boolean,String,String,float,int,int,
float,float,int,int,float,String,int,int,boolean,int,boolean,float,int,boolean,float,in
t,float,float,boolean,boolean,float,int,boolean,boolean,int,boolean,float,float,int,flo
at,boolean,int,List<String>,boolean,int,List<String>,boolean,boolean)不适用
      (实际参数列表和形式参数列表长度不同)
    构造器 Profession.Profession(String,String,String,boolean,String,String,float,int,int,
float,float,int,int,float,String,int,int,boolean,int,boolean,float,int,boolean,float,in
t,float,float,boolean,boolean,float,int,boolean,boolean,int,boolean,float,float,int,flo
at,boolean,int,List<String>,boolean,int,List<String>,boolean,boolean,boolean,float,floa
t,int,boolean,int,int,int,boolean,boolean,int,float,boolean,float,boolean,float,float,f
loat,float,boolean,int,float)不适用
      (实际参数列表和形式参数列表长度不同)
    构造器 Profession.Profession(String,String,String,boolean,String,String,float,int,int,
float,float,int,int,float,String,int,int,boolean,int,boolean,float,int,boolean,float,in
t,float,float,boolean,boolean,float,int,boolean,boolean,int,boolean,float,float,int,flo
at,boolean,int,List<String>,boolean,int,List<String>,boolean,boolean,boolean,boolean,fl
oat,float,int,boolean,boolean,boolean)不适用
      (实际参数列表和形式参数列表长度不同)
    构造器 Profession.Profession(String,String,String,boolean,String,String,float,int,int,
float,float,int,int,float,String,int,int,boolean,int,boolean,float,int,boolean,float,in
t,float,float,boolean,boolean,float,int,boolean,boolean,int,boolean,float,float,int,flo
at,boolean,int,List<String>,boolean,int,List<String>,boolean,boolean,boolean,boolean,in
t,float,boolean,float,boolean,float,float,int)不适用
      (实际参数列表和形式参数列表长度不同)
    构造器 Profession.Profession(String,String,String,boolean,String,String,float,int,int,
float,float,int,int,float,String,int,int,boolean,int,boolean,float,int,boolean,float,in
t,float,float,boolean,boolean,float,int,boolean,boolean,int,boolean,float,float,int,flo
at,boolean,int,List<String>,boolean,int,List<String>,boolean,boolean,boolean,float,floa
t,int,boolean,int,int,int,boolean,boolean,int,float,boolean,float,boolean,float,float,f
loat,float,boolean,boolean,boolean,boolean,int,int,boolean,int,int,int,int,int,boolean,
int,int,boolean,float,int,float,boolean,int,float)不适用
      (实际参数列表和形式参数列表长度不同)
E:\代码\MC模组\Life_contract - 副本\src\main\java\org\alku\life_contract\Profession.java:118:
 错误: 对于Profession(String,String,String,boolean,String,String,float,int,int,float,float,
int,int,float,String,int,int,boolean,int,boolean,float,int,boolean,float,int,float,floa
t,boolean,boolean,float,int,boolean,boolean,int,boolean,float,float,int,float,boolean,i
nt,ArrayList<Object>,boolean,int,ArrayList<Object>,boolean,boolean,boolean,float,float,
int,boolean,int,int,int,boolean,boolean,int,float,boolean,float,boolean,float,float,flo
at,float,boolean,float,boolean,float,boolean,int,int), 找不到合适的构造器
        this(id, name, description, requiresPassword, password, iconItem, bonusDamagePe
rcent, slownessLevel, weaknessLevel, bonusArmor, poisonChance, poisonDuration, poisonDa
mage, fireDamageMultiplier, resourceItem, resourceInterval, resourceAmount, false, 0, f
alse, 0.0f, 0, false, 0.0f, 0, 0.0f, 0.0f, false, false, 0.0f, 0, false, false, 0, fals
e, 0.0f, 0.0f, 0, 0.0f, false, 0, new ArrayList<>(), false, 0, new ArrayList<>(), false
, false, false, 0.0f, 0.0f, 0, false, 100, 1, 5, false, false, 0, 0.0f, false, 0.0f, fa
lse, 0.0f, 0.0f, 0.0f, 0.0f, false, 0.0f, false, 0.0f, false, 0, 0);
        ^
    构造器 Profession.Profession(String,String,String,boolean,String,String)不适用
      (实际参数列表和形式参数列表长度不同)
    构造器 Profession.Profession(String,String,String,boolean,String,String,float)不适用
      (实际参数列表和形式参数列表长度不同)
    构造器 Profession.Profession(String,String,String,boolean,String,String,float,int,int,
float)不适用
      (实际参数列表和形式参数列表长度不同)
    构造器 Profession.Profession(String,String,String,boolean,String,String,float,int,int,
float,float,int,int,float,String,int,int)不适用
      (实际参数列表和形式参数列表长度不同)
    构造器 Profession.Profession(String,String,String,boolean,String,String,float,int,int,
float,float,int,int,float,String,int,int,boolean,int,boolean,float,int)不适用
      (实际参数列表和形式参数列表长度不同)
    构造器 Profession.Profession(String,String,String,boolean,String,String,float,int,int,
float,float,int,int,float,String,int,int,boolean,int,boolean,float,int,boolean,float,in
t,float,float,boolean,boolean,float,int,boolean)不适用
      (实际参数列表和形式参数列表长度不同)
    构造器 Profession.Profession(String,String,String,boolean,String,String,float,int,int,
float,float,int,int,float,String,int,int,boolean,int,boolean,float,int,boolean,float,in
t,float,float,boolean,boolean,float,int,boolean,boolean,int)不适用
      (实际参数列表和形式参数列表长度不同)
    构造器 Profession.Profession(String,String,String,boolean,String,String,float,int,int,
float,float,int,int,float,String,int,int,boolean,int,boolean,float,int,boolean,float,in
t,float,float,boolean,boolean,float,int,boolean,boolean,int,boolean,float,float,int,flo
at,boolean,int,List<String>)不适用
      (实际参数列表和形式参数列表长度不同)
    构造器 Profession.Profession(String,String,String,boolean,String,String,float,int,int,
float,float,int,int,float,String,int,int,boolean,int,boolean,float,int,boolean,float,in
t,float,float,boolean,boolean,float,int,boolean,boolean,int,boolean,float,float,int,flo
at,boolean,int,List<String>,boolean,int,List<String>)不适用
      (实际参数列表和形式参数列表长度不同)
    构造器 Profession.Profession(String,String,String,boolean,String,String,float,int,int,
float,float,int,int,float,String,int,int,boolean,int,boolean,float,int,boolean,float,in
t,float,float,boolean,boolean,float,int,boolean,boolean,int,boolean,float,float,int,flo
at,boolean,int,List<String>,boolean,int,List<String>,boolean)不适用
      (实际参数列表和形式参数列表长度不同)
    构造器 Profession.Profession(String,String,String,boolean,String,String,float,int,int,
float,float,int,int,float,String,int,int,boolean,int,boolean,float,int,boolean,float,in
t,float,float,boolean,boolean,float,int,boolean,boolean,int,boolean,float,float,int,flo
at,boolean,int,List<String>,boolean,int,List<String>,boolean,boolean)不适用
      (实际参数列表和形式参数列表长度不同)
    构造器 Profession.Profession(String,String,String,boolean,String,String,float,int,int,
float,float,int,int,float,String,int,int,boolean,int,boolean,float,int,boolean,float,in
t,float,float,boolean,boolean,float,int,boolean,boolean,int,boolean,float,float,int,flo
at,boolean,int,List<String>,boolean,int,List<String>,boolean,boolean,boolean,float,floa
t,int,boolean,int,int,int,boolean,boolean,int,float,boolean,float,boolean,float,float,f
loat,float,boolean,int,float)不适用
      (实际参数列表和形式参数列表长度不同)
    构造器 Profession.Profession(String,String,String,boolean,String,String,float,int,int,
float,float,int,int,float,String,int,int,boolean,int,boolean,float,int,boolean,float,in
t,float,float,boolean,boolean,float,int,boolean,boolean,int,boolean,float,float,int,flo
at,boolean,int,List<String>,boolean,int,List<String>,boolean,boolean,boolean,boolean,fl
oat,float,int,boolean,boolean,boolean)不适用
      (实际参数列表和形式参数列表长度不同)
    构造器 Profession.Profession(String,String,String,boolean,String,String,float,int,int,
float,float,int,int,float,String,int,int,boolean,int,boolean,float,int,boolean,float,in
t,float,float,boolean,boolean,float,int,boolean,boolean,int,boolean,float,float,int,flo
at,boolean,int,List<String>,boolean,int,List<String>,boolean,boolean,boolean,boolean,in
t,float,boolean,float,boolean,float,float,int)不适用
      (实际参数列表和形式参数列表长度不同)
    构造器 Profession.Profession(String,String,String,boolean,String,String,float,int,int,
float,float,int,int,float,String,int,int,boolean,int,boolean,float,int,boolean,float,in
t,float,float,boolean,boolean,float,int,boolean,boolean,int,boolean,float,float,int,flo
at,boolean,int,List<String>,boolean,int,List<String>,boolean,boolean,boolean,float,floa
t,int,boolean,int,int,int,boolean,boolean,int,float,boolean,float,boolean,float,float,f
loat,float,boolean,boolean,boolean,boolean,int,int,boolean,int,int,int,int,int,boolean,
int,int,boolean,float,int,float,boolean,int,float)不适用
      (实际参数列表和形式参数列表长度不同)
E:\代码\MC模组\Life_contract - 副本\src\main\java\org\alku\life_contract\Profession.java:127:
 错误: 对于Profession(String,String,String,boolean,String,String,float,int,int,float,float,
int,int,float,String,int,int,boolean,int,boolean,float,int,boolean,float,int,float,floa
t,boolean,boolean,float,int,boolean,boolean,int,boolean,float,float,int,float,boolean,i
nt,ArrayList<Object>,boolean,int,ArrayList<Object>,boolean,boolean,boolean,float,float,
int,boolean,int,int,int,boolean,boolean,int,float,boolean,float,boolean,float,float,flo
at,float,boolean,float,boolean,float,boolean,int,int), 找不到合适的构造器
        this(id, name, description, requiresPassword, password, iconItem, bonusDamagePe
rcent, slownessLevel, weaknessLevel, bonusArmor, poisonChance, poisonDuration, poisonDa
mage, fireDamageMultiplier, resourceItem, resourceInterval, resourceAmount, hasEnderPea
rlAbility, enderPearlCooldown, waterDamage, waterDamageAmount, waterDamageInterval, fal
se, 0.0f, 0, 0.0f, 0.0f, false, false, 0.0f, 0, false, false, 0, false, 0.0f, 0.0f, 0, 
0.0f, false, 0, new ArrayList<>(), false, 0, new ArrayList<>(), false, false, false, 0.
0f, 0.0f, 0, false, 100, 1, 5, false, false, 0, 0.0f, false, 0.0f, false, 0.0f, 0.0f, 0
.0f, 0.0f, false, 0.0f, false, 0.0f, false, 0, 0);
        ^
    构造器 Profession.Profession(String,String,String,boolean,String,String)不适用
      (实际参数列表和形式参数列表长度不同)
    构造器 Profession.Profession(String,String,String,boolean,String,String,float)不适用
      (实际参数列表和形式参数列表长度不同)
    构造器 Profession.Profession(String,String,String,boolean,String,String,float,int,int,
float)不适用
      (实际参数列表和形式参数列表长度不同)
    构造器 Profession.Profession(String,String,String,boolean,String,String,float,int,int,
float,float,int,int,float,String,int,int)不适用
      (实际参数列表和形式参数列表长度不同)
    构造器 Profession.Profession(String,String,String,boolean,String,String,float,int,int,
float,float,int,int,float,String,int,int,boolean,int,boolean,float,int)不适用
      (实际参数列表和形式参数列表长度不同)
    构造器 Profession.Profession(String,String,String,boolean,String,String,float,int,int,
float,float,int,int,float,String,int,int,boolean,int,boolean,float,int,boolean,float,in
t,float,float,boolean,boolean,float,int,boolean)不适用
      (实际参数列表和形式参数列表长度不同)
    构造器 Profession.Profession(String,String,String,boolean,String,String,float,int,int,
float,float,int,int,float,String,int,int,boolean,int,boolean,float,int,boolean,float,in
t,float,float,boolean,boolean,float,int,boolean,boolean,int)不适用
      (实际参数列表和形式参数列表长度不同)
    构造器 Profession.Profession(String,String,String,boolean,String,String,float,int,int,
float,float,int,int,float,String,int,int,boolean,int,boolean,float,int,boolean,float,in
t,float,float,boolean,boolean,float,int,boolean,boolean,int,boolean,float,float,int,flo
at,boolean,int,List<String>)不适用
      (实际参数列表和形式参数列表长度不同)
    构造器 Profession.Profession(String,String,String,boolean,String,String,float,int,int,
float,float,int,int,float,String,int,int,boolean,int,boolean,float,int,boolean,float,in
t,float,float,boolean,boolean,float,int,boolean,boolean,int,boolean,float,float,int,flo
at,boolean,int,List<String>,boolean,int,List<String>)不适用
      (实际参数列表和形式参数列表长度不同)
    构造器 Profession.Profession(String,String,String,boolean,String,String,float,int,int,
float,float,int,int,float,String,int,int,boolean,int,boolean,float,int,boolean,float,in
t,float,float,boolean,boolean,float,int,boolean,boolean,int,boolean,float,float,int,flo
at,boolean,int,List<String>,boolean,int,List<String>,boolean)不适用
      (实际参数列表和形式参数列表长度不同)
    构造器 Profession.Profession(String,String,String,boolean,String,String,float,int,int,
float,float,int,int,float,String,int,int,boolean,int,boolean,float,int,boolean,float,in
t,float,float,boolean,boolean,float,int,boolean,boolean,int,boolean,float,float,int,flo
at,boolean,int,List<String>,boolean,int,List<String>,boolean,boolean)不适用
      (实际参数列表和形式参数列表长度不同)
    构造器 Profession.Profession(String,String,String,boolean,String,String,float,int,int,
float,float,int,int,float,String,int,int,boolean,int,boolean,float,int,boolean,float,in
t,float,float,boolean,boolean,float,int,boolean,boolean,int,boolean,float,float,int,flo
at,boolean,int,List<String>,boolean,int,List<String>,boolean,boolean,boolean,float,floa
t,int,boolean,int,int,int,boolean,boolean,int,float,boolean,float,boolean,float,float,f
loat,float,boolean,int,float)不适用
      (实际参数列表和形式参数列表长度不同)
    构造器 Profession.Profession(String,String,String,boolean,String,String,float,int,int,
float,float,int,int,float,String,int,int,boolean,int,boolean,float,int,boolean,float,in
t,float,float,boolean,boolean,float,int,boolean,boolean,int,boolean,float,float,int,flo
at,boolean,int,List<String>,boolean,int,List<String>,boolean,boolean,boolean,boolean,fl
oat,float,int,boolean,boolean,boolean)不适用
      (实际参数列表和形式参数列表长度不同)
    构造器 Profession.Profession(String,String,String,boolean,String,String,float,int,int,
float,float,int,int,float,String,int,int,boolean,int,boolean,float,int,boolean,float,in
t,float,float,boolean,boolean,float,int,boolean,boolean,int,boolean,float,float,int,flo
at,boolean,int,List<String>,boolean,int,List<String>,boolean,boolean,boolean,boolean,in
t,float,boolean,float,boolean,float,float,int)不适用
      (实际参数列表和形式参数列表长度不同)
    构造器 Profession.Profession(String,String,String,boolean,String,String,float,int,int,
float,float,int,int,float,String,int,int,boolean,int,boolean,float,int,boolean,float,in
t,float,float,boolean,boolean,float,int,boolean,boolean,int,boolean,float,float,int,flo
at,boolean,int,List<String>,boolean,int,List<String>,boolean,boolean,boolean,float,floa
t,int,boolean,int,int,int,boolean,boolean,int,float,boolean,float,boolean,float,float,f
loat,float,boolean,boolean,boolean,boolean,int,int,boolean,int,int,int,int,int,boolean,
int,int,boolean,float,int,float,boolean,int,float)不适用
      (实际参数列表和形式参数列表长度不同)
E:\代码\MC模组\Life_contract - 副本\src\main\java\org\alku\life_contract\Profession.java:140:
 错误: 对于Profession(String,String,String,boolean,String,String,float,int,int,float,float,
int,int,float,String,int,int,boolean,int,boolean,float,int,boolean,float,int,float,floa
t,boolean,boolean,float,int,boolean,boolean,int,boolean,float,float,int,float,boolean,i
nt,ArrayList<Object>,boolean,int,ArrayList<Object>,boolean,boolean,boolean,float,float,
int,boolean,int,int,int,boolean,boolean,int,float,boolean,float,boolean,float,float,flo
at,float,boolean,float,boolean,float,boolean,int,int), 找不到合适的构造器
        this(id, name, description, requiresPassword, password, iconItem, bonusDamagePe
rcent, slownessLevel, weaknessLevel, bonusArmor, poisonChance, poisonDuration, poisonDa
mage, fireDamageMultiplier, resourceItem, resourceInterval, resourceAmount, hasEnderPea
rlAbility, enderPearlCooldown, waterDamage, waterDamageAmount, waterDamageInterval, fir
eTrailEnabled, fireTrailDamage, fireTrailDuration, fireTrailRadius, fireDamageBonusPerc
ent, fireImmunity, waterWeakness, waterWeaknessDamagePercent, waterWeaknessInterval, ra
inWeakness, false, 0, false, 0.0f, 0.0f, 0, 0.0f, false, 0, new ArrayList<>(), false, 0
, new ArrayList<>(), false, false, false, 0.0f, 0.0f, 0, false, 100, 1, 5, false, false
, 0, 0.0f, false, 0.0f, false, 0.0f, 0.0f, 0.0f, 0.0f, false, 0.0f, false, 0.0f, false,
 0, 0);
        ^
    构造器 Profession.Profession(String,String,String,boolean,String,String)不适用
      (实际参数列表和形式参数列表长度不同)
    构造器 Profession.Profession(String,String,String,boolean,String,String,float)不适用
      (实际参数列表和形式参数列表长度不同)
    构造器 Profession.Profession(String,String,String,boolean,String,String,float,int,int,
float)不适用
      (实际参数列表和形式参数列表长度不同)
    构造器 Profession.Profession(String,String,String,boolean,String,String,float,int,int,
float,float,int,int,float,String,int,int)不适用
      (实际参数列表和形式参数列表长度不同)
    构造器 Profession.Profession(String,String,String,boolean,String,String,float,int,int,
float,float,int,int,float,String,int,int,boolean,int,boolean,float,int)不适用
      (实际参数列表和形式参数列表长度不同)
    构造器 Profession.Profession(String,String,String,boolean,String,String,float,int,int,
float,float,int,int,float,String,int,int,boolean,int,boolean,float,int,boolean,float,in
t,float,float,boolean,boolean,float,int,boolean)不适用
      (实际参数列表和形式参数列表长度不同)
    构造器 Profession.Profession(String,String,String,boolean,String,String,float,int,int,
float,float,int,int,float,String,int,int,boolean,int,boolean,float,int,boolean,float,in
t,float,float,boolean,boolean,float,int,boolean,boolean,int)不适用
      (实际参数列表和形式参数列表长度不同)
    构造器 Profession.Profession(String,String,String,boolean,String,String,float,int,int,
float,float,int,int,float,String,int,int,boolean,int,boolean,float,int,boolean,float,in
t,float,float,boolean,boolean,float,int,boolean,boolean,int,boolean,float,float,int,flo
at,boolean,int,List<String>)不适用
      (实际参数列表和形式参数列表长度不同)
    构造器 Profession.Profession(String,String,String,boolean,String,String,float,int,int,
float,float,int,int,float,String,int,int,boolean,int,boolean,float,int,boolean,float,in
t,float,float,boolean,boolean,float,int,boolean,boolean,int,boolean,float,float,int,flo
at,boolean,int,List<String>,boolean,int,List<String>)不适用
      (实际参数列表和形式参数列表长度不同)
    构造器 Profession.Profession(String,String,String,boolean,String,String,float,int,int,
float,float,int,int,float,String,int,int,boolean,int,boolean,float,int,boolean,float,in
t,float,float,boolean,boolean,float,int,boolean,boolean,int,boolean,float,float,int,flo
at,boolean,int,List<String>,boolean,int,List<String>,boolean)不适用
      (实际参数列表和形式参数列表长度不同)
    构造器 Profession.Profession(String,String,String,boolean,String,String,float,int,int,
float,float,int,int,float,String,int,int,boolean,int,boolean,float,int,boolean,float,in
t,float,float,boolean,boolean,float,int,boolean,boolean,int,boolean,float,float,int,flo
at,boolean,int,List<String>,boolean,int,List<String>,boolean,boolean)不适用
      (实际参数列表和形式参数列表长度不同)
    构造器 Profession.Profession(String,String,String,boolean,String,String,float,int,int,
float,float,int,int,float,String,int,int,boolean,int,boolean,float,int,boolean,float,in
t,float,float,boolean,boolean,float,int,boolean,boolean,int,boolean,float,float,int,flo
at,boolean,int,List<String>,boolean,int,List<String>,boolean,boolean,boolean,float,floa
t,int,boolean,int,int,int,boolean,boolean,int,float,boolean,float,boolean,float,float,f
loat,float,boolean,int,float)不适用
      (实际参数列表和形式参数列表长度不同)
    构造器 Profession.Profession(String,String,String,boolean,String,String,float,int,int,
float,float,int,int,float,String,int,int,boolean,int,boolean,float,int,boolean,float,in
t,float,float,boolean,boolean,float,int,boolean,boolean,int,boolean,float,float,int,flo
at,boolean,int,List<String>,boolean,int,List<String>,boolean,boolean,boolean,boolean,fl
oat,float,int,boolean,boolean,boolean)不适用
      (实际参数列表和形式参数列表长度不同)
    构造器 Profession.Profession(String,String,String,boolean,String,String,float,int,int,
float,float,int,int,float,String,int,int,boolean,int,boolean,float,int,boolean,float,in
t,float,float,boolean,boolean,float,int,boolean,boolean,int,boolean,float,float,int,flo
at,boolean,int,List<String>,boolean,int,List<String>,boolean,boolean,boolean,boolean,in
t,float,boolean,float,boolean,float,float,int)不适用
      (实际参数列表和形式参数列表长度不同)
    构造器 Profession.Profession(String,String,String,boolean,String,String,float,int,int,
float,float,int,int,float,String,int,int,boolean,int,boolean,float,int,boolean,float,in
t,float,float,boolean,boolean,float,int,boolean,boolean,int,boolean,float,float,int,flo
at,boolean,int,List<String>,boolean,int,List<String>,boolean,boolean,boolean,float,floa
t,int,boolean,int,int,int,boolean,boolean,int,float,boolean,float,boolean,float,float,f
loat,float,boolean,boolean,boolean,boolean,int,int,boolean,int,int,int,int,int,boolean,
int,int,boolean,float,int,float,boolean,int,float)不适用
      (实际参数列表和形式参数列表长度不同)
E:\代码\MC模组\Life_contract - 副本\src\main\java\org\alku\life_contract\Profession.java:153:
 错误: 对于Profession(String,String,String,boolean,String,String,float,int,int,float,float,
int,int,float,String,int,int,boolean,int,boolean,float,int,boolean,float,int,float,floa
t,boolean,boolean,float,int,boolean,boolean,int,boolean,float,float,int,float,boolean,i
nt,ArrayList<Object>,boolean,int,ArrayList<Object>,boolean,boolean,boolean,float,float,
int,boolean,int,int,int,boolean,boolean,int,float,boolean,float,boolean,float,float,flo
at,float,boolean,float,boolean,float,boolean,int,int), 找不到合适的构造器
        this(id, name, description, requiresPassword, password, iconItem, bonusDamagePe
rcent, slownessLevel, weaknessLevel, bonusArmor, poisonChance, poisonDuration, poisonDa
mage, fireDamageMultiplier, resourceItem, resourceInterval, resourceAmount, hasEnderPea
rlAbility, enderPearlCooldown, waterDamage, waterDamageAmount, waterDamageInterval, fir
eTrailEnabled, fireTrailDamage, fireTrailDuration, fireTrailRadius, fireDamageBonusPerc
ent, fireImmunity, waterWeakness, waterWeaknessDamagePercent, waterWeaknessInterval, ra
inWeakness, isFaceless, switchInterval, false, 0.0f, 0.0f, 0, 0.0f, false, 0, new Array
List<>(), false, 0, new ArrayList<>(), false, false, false, 0.0f, 0.0f, 0, false, 100, 
1, 5, false, false, 0, 0.0f, false, 0.0f, false, 0.0f, 0.0f, 0.0f, 0.0f, false, 0.0f, f
alse, 0.0f, false, 0, 0);
        ^
    构造器 Profession.Profession(String,String,String,boolean,String,String)不适用
      (实际参数列表和形式参数列表长度不同)
    构造器 Profession.Profession(String,String,String,boolean,String,String,float)不适用
      (实际参数列表和形式参数列表长度不同)
    构造器 Profession.Profession(String,String,String,boolean,String,String,float,int,int,
float)不适用
      (实际参数列表和形式参数列表长度不同)
    构造器 Profession.Profession(String,String,String,boolean,String,String,float,int,int,
float,float,int,int,float,String,int,int)不适用
      (实际参数列表和形式参数列表长度不同)
    构造器 Profession.Profession(String,String,String,boolean,String,String,float,int,int,
float,float,int,int,float,String,int,int,boolean,int,boolean,float,int)不适用
      (实际参数列表和形式参数列表长度不同)
    构造器 Profession.Profession(String,String,String,boolean,String,String,float,int,int,
float,float,int,int,float,String,int,int,boolean,int,boolean,float,int,boolean,float,in
t,float,float,boolean,boolean,float,int,boolean)不适用
      (实际参数列表和形式参数列表长度不同)
    构造器 Profession.Profession(String,String,String,boolean,String,String,float,int,int,
float,float,int,int,float,String,int,int,boolean,int,boolean,float,int,boolean,float,in
t,float,float,boolean,boolean,float,int,boolean,boolean,int)不适用
      (实际参数列表和形式参数列表长度不同)
    构造器 Profession.Profession(String,String,String,boolean,String,String,float,int,int,
float,float,int,int,float,String,int,int,boolean,int,boolean,float,int,boolean,float,in
t,float,float,boolean,boolean,float,int,boolean,boolean,int,boolean,float,float,int,flo
at,boolean,int,List<String>)不适用
      (实际参数列表和形式参数列表长度不同)
    构造器 Profession.Profession(String,String,String,boolean,String,String,float,int,int,
float,float,int,int,float,String,int,int,boolean,int,boolean,float,int,boolean,float,in
t,float,float,boolean,boolean,float,int,boolean,boolean,int,boolean,float,float,int,flo
at,boolean,int,List<String>,boolean,int,List<String>)不适用
      (实际参数列表和形式参数列表长度不同)
    构造器 Profession.Profession(String,String,String,boolean,String,String,float,int,int,
float,float,int,int,float,String,int,int,boolean,int,boolean,float,int,boolean,float,in
t,float,float,boolean,boolean,float,int,boolean,boolean,int,boolean,float,float,int,flo
at,boolean,int,List<String>,boolean,int,List<String>,boolean)不适用
      (实际参数列表和形式参数列表长度不同)
    构造器 Profession.Profession(String,String,String,boolean,String,String,float,int,int,
float,float,int,int,float,String,int,int,boolean,int,boolean,float,int,boolean,float,in
t,float,float,boolean,boolean,float,int,boolean,boolean,int,boolean,float,float,int,flo
at,boolean,int,List<String>,boolean,int,List<String>,boolean,boolean)不适用
      (实际参数列表和形式参数列表长度不同)
    构造器 Profession.Profession(String,String,String,boolean,String,String,float,int,int,
float,float,int,int,float,String,int,int,boolean,int,boolean,float,int,boolean,float,in
t,float,float,boolean,boolean,float,int,boolean,boolean,int,boolean,float,float,int,flo
at,boolean,int,List<String>,boolean,int,List<String>,boolean,boolean,boolean,float,floa
t,int,boolean,int,int,int,boolean,boolean,int,float,boolean,float,boolean,float,float,f
loat,float,boolean,int,float)不适用
      (实际参数列表和形式参数列表长度不同)
    构造器 Profession.Profession(String,String,String,boolean,String,String,float,int,int,
float,float,int,int,float,String,int,int,boolean,int,boolean,float,int,boolean,float,in
t,float,float,boolean,boolean,float,int,boolean,boolean,int,boolean,float,float,int,flo
at,boolean,int,List<String>,boolean,int,List<String>,boolean,boolean,boolean,boolean,fl
oat,float,int,boolean,boolean,boolean)不适用
      (实际参数列表和形式参数列表长度不同)
    构造器 Profession.Profession(String,String,String,boolean,String,String,float,int,int,
float,float,int,int,float,String,int,int,boolean,int,boolean,float,int,boolean,float,in
t,float,float,boolean,boolean,float,int,boolean,boolean,int,boolean,float,float,int,flo
at,boolean,int,List<String>,boolean,int,List<String>,boolean,boolean,boolean,boolean,in
t,float,boolean,float,boolean,float,float,int)不适用
      (实际参数列表和形式参数列表长度不同)
    构造器 Profession.Profession(String,String,String,boolean,String,String,float,int,int,
float,float,int,int,float,String,int,int,boolean,int,boolean,float,int,boolean,float,in
t,float,float,boolean,boolean,float,int,boolean,boolean,int,boolean,float,float,int,flo
at,boolean,int,List<String>,boolean,int,List<String>,boolean,boolean,boolean,float,floa
t,int,boolean,int,int,int,boolean,boolean,int,float,boolean,float,boolean,float,float,f
loat,float,boolean,boolean,boolean,boolean,int,int,boolean,int,int,int,int,int,boolean,
int,int,boolean,float,int,float,boolean,int,float)不适用
      (实际参数列表和形式参数列表长度不同)
E:\代码\MC模组\Life_contract - 副本\src\main\java\org\alku\life_contract\Profession.java:169:
 错误: 对于Profession(String,String,String,boolean,String,String,float,int,int,float,float,
int,int,float,String,int,int,boolean,int,boolean,float,int,boolean,float,int,float,floa
t,boolean,boolean,float,int,boolean,boolean,int,boolean,float,float,int,float,boolean,i
nt,List<String>,boolean,int,ArrayList<Object>,boolean,boolean,boolean,float,float,int,b
oolean,int,int,int,boolean,boolean,int,float,boolean,float,boolean,float,float,float,fl
oat,boolean,float,boolean,float,boolean,int,int), 找不到合适的构造器
        this(id, name, description, requiresPassword, password, iconItem, bonusDamagePe
rcent, slownessLevel, weaknessLevel, bonusArmor, poisonChance, poisonDuration, poisonDa
mage, fireDamageMultiplier, resourceItem, resourceInterval, resourceAmount, hasEnderPea
rlAbility, enderPearlCooldown, waterDamage, waterDamageAmount, waterDamageInterval, fir
eTrailEnabled, fireTrailDamage, fireTrailDuration, fireTrailRadius, fireDamageBonusPerc
ent, fireImmunity, waterWeakness, waterWeaknessDamagePercent, waterWeaknessInterval, ra
inWeakness, isFaceless, switchInterval, canMountCreatures, mountSpeedBonus, mountDamage
Bonus, mountControlRange, mountHealthBonus, hasGachaAbility, gachaInterval, gachaEntity
Pool, false, 0, new ArrayList<>(), false, false, false, 0.0f, 0.0f, 0, false, 100, 1, 5
, false, false, 0, 0.0f, false, 0.0f, false, 0.0f, 0.0f, 0.0f, 0.0f, false, 0.0f, false
, 0.0f, false, 0, 0);
        ^
    构造器 Profession.Profession(String,String,String,boolean,String,String)不适用
      (实际参数列表和形式参数列表长度不同)
    构造器 Profession.Profession(String,String,String,boolean,String,String,float)不适用
      (实际参数列表和形式参数列表长度不同)
    构造器 Profession.Profession(String,String,String,boolean,String,String,float,int,int,
float)不适用
      (实际参数列表和形式参数列表长度不同)
    构造器 Profession.Profession(String,String,String,boolean,String,String,float,int,int,
float,float,int,int,float,String,int,int)不适用
      (实际参数列表和形式参数列表长度不同)
    构造器 Profession.Profession(String,String,String,boolean,String,String,float,int,int,
float,float,int,int,float,String,int,int,boolean,int,boolean,float,int)不适用
      (实际参数列表和形式参数列表长度不同)
    构造器 Profession.Profession(String,String,String,boolean,String,String,float,int,int,
float,float,int,int,float,String,int,int,boolean,int,boolean,float,int,boolean,float,in
t,float,float,boolean,boolean,float,int,boolean)不适用
      (实际参数列表和形式参数列表长度不同)
    构造器 Profession.Profession(String,String,String,boolean,String,String,float,int,int,
float,float,int,int,float,String,int,int,boolean,int,boolean,float,int,boolean,float,in
t,float,float,boolean,boolean,float,int,boolean,boolean,int)不适用
      (实际参数列表和形式参数列表长度不同)
    构造器 Profession.Profession(String,String,String,boolean,String,String,float,int,int,
float,float,int,int,float,String,int,int,boolean,int,boolean,float,int,boolean,float,in
t,float,float,boolean,boolean,float,int,boolean,boolean,int,boolean,float,float,int,flo
at,boolean,int,List<String>)不适用
      (实际参数列表和形式参数列表长度不同)
    构造器 Profession.Profession(String,String,String,boolean,String,String,float,int,int,
float,float,int,int,float,String,int,int,boolean,int,boolean,float,int,boolean,float,in
t,float,float,boolean,boolean,float,int,boolean,boolean,int,boolean,float,float,int,flo
at,boolean,int,List<String>,boolean,int,List<String>)不适用
      (实际参数列表和形式参数列表长度不同)
    构造器 Profession.Profession(String,String,String,boolean,String,String,float,int,int,
float,float,int,int,float,String,int,int,boolean,int,boolean,float,int,boolean,float,in
t,float,float,boolean,boolean,float,int,boolean,boolean,int,boolean,float,float,int,flo
at,boolean,int,List<String>,boolean,int,List<String>,boolean)不适用
      (实际参数列表和形式参数列表长度不同)
    构造器 Profession.Profession(String,String,String,boolean,String,String,float,int,int,
float,float,int,int,float,String,int,int,boolean,int,boolean,float,int,boolean,float,in
t,float,float,boolean,boolean,float,int,boolean,boolean,int,boolean,float,float,int,flo
at,boolean,int,List<String>,boolean,int,List<String>,boolean,boolean)不适用
      (实际参数列表和形式参数列表长度不同)
    构造器 Profession.Profession(String,String,String,boolean,String,String,float,int,int,
float,float,int,int,float,String,int,int,boolean,int,boolean,float,int,boolean,float,in
t,float,float,boolean,boolean,float,int,boolean,boolean,int,boolean,float,float,int,flo
at,boolean,int,List<String>,boolean,int,List<String>,boolean,boolean,boolean,float,floa
t,int,boolean,int,int,int,boolean,boolean,int,float,boolean,float,boolean,float,float,f
loat,float,boolean,int,float)不适用
      (实际参数列表和形式参数列表长度不同)
    构造器 Profession.Profession(String,String,String,boolean,String,String,float,int,int,
float,float,int,int,float,String,int,int,boolean,int,boolean,float,int,boolean,float,in
t,float,float,boolean,boolean,float,int,boolean,boolean,int,boolean,float,float,int,flo
at,boolean,int,List<String>,boolean,int,List<String>,boolean,boolean,boolean,boolean,fl
oat,float,int,boolean,boolean,boolean)不适用
      (实际参数列表和形式参数列表长度不同)
    构造器 Profession.Profession(String,String,String,boolean,String,String,float,int,int,
float,float,int,int,float,String,int,int,boolean,int,boolean,float,int,boolean,float,in
t,float,float,boolean,boolean,float,int,boolean,boolean,int,boolean,float,float,int,flo
at,boolean,int,List<String>,boolean,int,List<String>,boolean,boolean,boolean,boolean,in
t,float,boolean,float,boolean,float,float,int)不适用
      (实际参数列表和形式参数列表长度不同)
    构造器 Profession.Profession(String,String,String,boolean,String,String,float,int,int,
float,float,int,int,float,String,int,int,boolean,int,boolean,float,int,boolean,float,in
t,float,float,boolean,boolean,float,int,boolean,boolean,int,boolean,float,float,int,flo
at,boolean,int,List<String>,boolean,int,List<String>,boolean,boolean,boolean,float,floa
t,int,boolean,int,int,int,boolean,boolean,int,float,boolean,float,boolean,float,float,f
loat,float,boolean,boolean,boolean,boolean,int,int,boolean,int,int,int,int,int,boolean,
int,int,boolean,float,int,float,boolean,int,float)不适用
      (实际参数列表和形式参数列表长度不同)
E:\代码\MC模组\Life_contract - 副本\src\main\java\org\alku\life_contract\Profession.java:186:
 错误: 对于Profession(String,String,String,boolean,String,String,float,int,int,float,float,
int,int,float,String,int,int,boolean,int,boolean,float,int,boolean,float,int,float,floa
t,boolean,boolean,float,int,boolean,boolean,int,boolean,float,float,int,float,boolean,i
nt,List<String>,boolean,int,List<String>,boolean,boolean,boolean,float,float,int,boolea
n,int,int,int,boolean,boolean,int,float,boolean,float,boolean,float,float,float,float,b
oolean,float,boolean,float,boolean,int,int), 找不到合适的构造器
        this(id, name, description, requiresPassword, password, iconItem, bonusDamagePe
rcent, slownessLevel, weaknessLevel, bonusArmor, poisonChance, poisonDuration, poisonDa
mage, fireDamageMultiplier, resourceItem, resourceInterval, resourceAmount, hasEnderPea
rlAbility, enderPearlCooldown, waterDamage, waterDamageAmount, waterDamageInterval, fir
eTrailEnabled, fireTrailDamage, fireTrailDuration, fireTrailRadius, fireDamageBonusPerc
ent, fireImmunity, waterWeakness, waterWeaknessDamagePercent, waterWeaknessInterval, ra
inWeakness, isFaceless, switchInterval, canMountCreatures, mountSpeedBonus, mountDamage
Bonus, mountControlRange, mountHealthBonus, hasGachaAbility, gachaInterval, gachaEntity
Pool, hasDiceAbility, diceCooldown, diceSkillPool, false, false, false, 0.0f, 0.0f, 0, 
false, 100, 1, 5, false, false, 0, 0.0f, false, 0.0f, false, 0.0f, 0.0f, 0.0f, 0.0f, fa
lse, 0.0f, false, 0.0f, false, 0, 0);
        ^
    构造器 Profession.Profession(String,String,String,boolean,String,String)不适用
      (实际参数列表和形式参数列表长度不同)
    构造器 Profession.Profession(String,String,String,boolean,String,String,float)不适用
      (实际参数列表和形式参数列表长度不同)
    构造器 Profession.Profession(String,String,String,boolean,String,String,float,int,int,
float)不适用
      (实际参数列表和形式参数列表长度不同)
    构造器 Profession.Profession(String,String,String,boolean,String,String,float,int,int,
float,float,int,int,float,String,int,int)不适用
      (实际参数列表和形式参数列表长度不同)
    构造器 Profession.Profession(String,String,String,boolean,String,String,float,int,int,
float,float,int,int,float,String,int,int,boolean,int,boolean,float,int)不适用
      (实际参数列表和形式参数列表长度不同)
    构造器 Profession.Profession(String,String,String,boolean,String,String,float,int,int,
float,float,int,int,float,String,int,int,boolean,int,boolean,float,int,boolean,float,in
t,float,float,boolean,boolean,float,int,boolean)不适用
      (实际参数列表和形式参数列表长度不同)
    构造器 Profession.Profession(String,String,String,boolean,String,String,float,int,int,
float,float,int,int,float,String,int,int,boolean,int,boolean,float,int,boolean,float,in
t,float,float,boolean,boolean,float,int,boolean,boolean,int)不适用
      (实际参数列表和形式参数列表长度不同)
    构造器 Profession.Profession(String,String,String,boolean,String,String,float,int,int,
float,float,int,int,float,String,int,int,boolean,int,boolean,float,int,boolean,float,in
t,float,float,boolean,boolean,float,int,boolean,boolean,int,boolean,float,float,int,flo
at,boolean,int,List<String>)不适用
      (实际参数列表和形式参数列表长度不同)
    构造器 Profession.Profession(String,String,String,boolean,String,String,float,int,int,
float,float,int,int,float,String,int,int,boolean,int,boolean,float,int,boolean,float,in
t,float,float,boolean,boolean,float,int,boolean,boolean,int,boolean,float,float,int,flo
at,boolean,int,List<String>,boolean,int,List<String>)不适用
      (实际参数列表和形式参数列表长度不同)
    构造器 Profession.Profession(String,String,String,boolean,String,String,float,int,int,
float,float,int,int,float,String,int,int,boolean,int,boolean,float,int,boolean,float,in
t,float,float,boolean,boolean,float,int,boolean,boolean,int,boolean,float,float,int,flo
at,boolean,int,List<String>,boolean,int,List<String>,boolean)不适用
      (实际参数列表和形式参数列表长度不同)
    构造器 Profession.Profession(String,String,String,boolean,String,String,float,int,int,
float,float,int,int,float,String,int,int,boolean,int,boolean,float,int,boolean,float,in
t,float,float,boolean,boolean,float,int,boolean,boolean,int,boolean,float,float,int,flo
at,boolean,int,List<String>,boolean,int,List<String>,boolean,boolean)不适用
      (实际参数列表和形式参数列表长度不同)
    构造器 Profession.Profession(String,String,String,boolean,String,String,float,int,int,
float,float,int,int,float,String,int,int,boolean,int,boolean,float,int,boolean,float,in
t,float,float,boolean,boolean,float,int,boolean,boolean,int,boolean,float,float,int,flo
at,boolean,int,List<String>,boolean,int,List<String>,boolean,boolean,boolean,float,floa
t,int,boolean,int,int,int,boolean,boolean,int,float,boolean,float,boolean,float,float,f
loat,float,boolean,int,float)不适用
      (实际参数列表和形式参数列表长度不同)
    构造器 Profession.Profession(String,String,String,boolean,String,String,float,int,int,
float,float,int,int,float,String,int,int,boolean,int,boolean,float,int,boolean,float,in
t,float,float,boolean,boolean,float,int,boolean,boolean,int,boolean,float,float,int,flo
at,boolean,int,List<String>,boolean,int,List<String>,boolean,boolean,boolean,boolean,fl
oat,float,int,boolean,boolean,boolean)不适用
      (实际参数列表和形式参数列表长度不同)
    构造器 Profession.Profession(String,String,String,boolean,String,String,float,int,int,
float,float,int,int,float,String,int,int,boolean,int,boolean,float,int,boolean,float,in
t,float,float,boolean,boolean,float,int,boolean,boolean,int,boolean,float,float,int,flo
at,boolean,int,List<String>,boolean,int,List<String>,boolean,boolean,boolean,boolean,in
t,float,boolean,float,boolean,float,float,int)不适用
      (实际参数列表和形式参数列表长度不同)
    构造器 Profession.Profession(String,String,String,boolean,String,String,float,int,int,
float,float,int,int,float,String,int,int,boolean,int,boolean,float,int,boolean,float,in
t,float,float,boolean,boolean,float,int,boolean,boolean,int,boolean,float,float,int,flo
at,boolean,int,List<String>,boolean,int,List<String>,boolean,boolean,boolean,float,floa
t,int,boolean,int,int,int,boolean,boolean,int,float,boolean,float,boolean,float,float,f
loat,float,boolean,boolean,boolean,boolean,int,int,boolean,int,int,int,int,int,boolean,
int,int,boolean,float,int,float,boolean,int,float)不适用
      (实际参数列表和形式参数列表长度不同)
E:\代码\MC模组\Life_contract - 副本\src\main\java\org\alku\life_contract\Profession.java:204:
 错误: 对于Profession(String,String,String,boolean,String,String,float,int,int,float,float,
int,int,float,String,int,int,boolean,int,boolean,float,int,boolean,float,int,float,floa
t,boolean,boolean,float,int,boolean,boolean,int,boolean,float,float,int,float,boolean,i
nt,List<String>,boolean,int,List<String>,boolean,boolean,boolean,float,float,int,boolea
n,int,int,int,boolean,boolean,int,float,boolean,float,boolean,float,float,float,float,b
oolean,float,boolean,float,boolean,int,int), 找不到合适的构造器
        this(id, name, description, requiresPassword, password, iconItem, bonusDamagePe
rcent, slownessLevel, weaknessLevel, bonusArmor, poisonChance, poisonDuration, poisonDa
mage, fireDamageMultiplier, resourceItem, resourceInterval, resourceAmount, hasEnderPea
rlAbility, enderPearlCooldown, waterDamage, waterDamageAmount, waterDamageInterval, fir
eTrailEnabled, fireTrailDamage, fireTrailDuration, fireTrailRadius, fireDamageBonusPerc
ent, fireImmunity, waterWeakness, waterWeaknessDamagePercent, waterWeaknessInterval, ra
inWeakness, isFaceless, switchInterval, canMountCreatures, mountSpeedBonus, mountDamage
Bonus, mountControlRange, mountHealthBonus, hasGachaAbility, gachaInterval, gachaEntity
Pool, hasDiceAbility, diceCooldown, diceSkillPool, hasLuckyCloverAbility, false, false,
 0.0f, 0.0f, 0, false, 100, 1, 5, false, false, 0, 0.0f, false, 0.0f, false, 0.0f, 0.0f
, 0.0f, 0.0f, false, 0.0f, false, 0.0f, false, 0, 0);
        ^
    构造器 Profession.Profession(String,String,String,boolean,String,String)不适用
      (实际参数列表和形式参数列表长度不同)
    构造器 Profession.Profession(String,String,String,boolean,String,String,float)不适用
      (实际参数列表和形式参数列表长度不同)
    构造器 Profession.Profession(String,String,String,boolean,String,String,float,int,int,
float)不适用
      (实际参数列表和形式参数列表长度不同)
    构造器 Profession.Profession(String,String,String,boolean,String,String,float,int,int,
float,float,int,int,float,String,int,int)不适用
      (实际参数列表和形式参数列表长度不同)
    构造器 Profession.Profession(String,String,String,boolean,String,String,float,int,int,
float,float,int,int,float,String,int,int,boolean,int,boolean,float,int)不适用
      (实际参数列表和形式参数列表长度不同)
    构造器 Profession.Profession(String,String,String,boolean,String,String,float,int,int,
float,float,int,int,float,String,int,int,boolean,int,boolean,float,int,boolean,float,in
t,float,float,boolean,boolean,float,int,boolean)不适用
      (实际参数列表和形式参数列表长度不同)
    构造器 Profession.Profession(String,String,String,boolean,String,String,float,int,int,
float,float,int,int,float,String,int,int,boolean,int,boolean,float,int,boolean,float,in
t,float,float,boolean,boolean,float,int,boolean,boolean,int)不适用
      (实际参数列表和形式参数列表长度不同)
    构造器 Profession.Profession(String,String,String,boolean,String,String,float,int,int,
float,float,int,int,float,String,int,int,boolean,int,boolean,float,int,boolean,float,in
t,float,float,boolean,boolean,float,int,boolean,boolean,int,boolean,float,float,int,flo
at,boolean,int,List<String>)不适用
      (实际参数列表和形式参数列表长度不同)
    构造器 Profession.Profession(String,String,String,boolean,String,String,float,int,int,
float,float,int,int,float,String,int,int,boolean,int,boolean,float,int,boolean,float,in
t,float,float,boolean,boolean,float,int,boolean,boolean,int,boolean,float,float,int,flo
at,boolean,int,List<String>,boolean,int,List<String>)不适用
      (实际参数列表和形式参数列表长度不同)
    构造器 Profession.Profession(String,String,String,boolean,String,String,float,int,int,
float,float,int,int,float,String,int,int,boolean,int,boolean,float,int,boolean,float,in
t,float,float,boolean,boolean,float,int,boolean,boolean,int,boolean,float,float,int,flo
at,boolean,int,List<String>,boolean,int,List<String>,boolean)不适用
      (实际参数列表和形式参数列表长度不同)
    构造器 Profession.Profession(String,String,String,boolean,String,String,float,int,int,
float,float,int,int,float,String,int,int,boolean,int,boolean,float,int,boolean,float,in
t,float,float,boolean,boolean,float,int,boolean,boolean,int,boolean,float,float,int,flo
at,boolean,int,List<String>,boolean,int,List<String>,boolean,boolean)不适用
      (实际参数列表和形式参数列表长度不同)
    构造器 Profession.Profession(String,String,String,boolean,String,String,float,int,int,
float,float,int,int,float,String,int,int,boolean,int,boolean,float,int,boolean,float,in
t,float,float,boolean,boolean,float,int,boolean,boolean,int,boolean,float,float,int,flo
at,boolean,int,List<String>,boolean,int,List<String>,boolean,boolean,boolean,float,floa
t,int,boolean,int,int,int,boolean,boolean,int,float,boolean,float,boolean,float,float,f
loat,float,boolean,int,float)不适用
      (实际参数列表和形式参数列表长度不同)
    构造器 Profession.Profession(String,String,String,boolean,String,String,float,int,int,
float,float,int,int,float,String,int,int,boolean,int,boolean,float,int,boolean,float,in
t,float,float,boolean,boolean,float,int,boolean,boolean,int,boolean,float,float,int,flo
at,boolean,int,List<String>,boolean,int,List<String>,boolean,boolean,boolean,boolean,fl
oat,float,int,boolean,boolean,boolean)不适用
      (实际参数列表和形式参数列表长度不同)
    构造器 Profession.Profession(String,String,String,boolean,String,String,float,int,int,
float,float,int,int,float,String,int,int,boolean,int,boolean,float,int,boolean,float,in
t,float,float,boolean,boolean,float,int,boolean,boolean,int,boolean,float,float,int,flo
at,boolean,int,List<String>,boolean,int,List<String>,boolean,boolean,boolean,boolean,in
t,float,boolean,float,boolean,float,float,int)不适用
      (实际参数列表和形式参数列表长度不同)
    构造器 Profession.Profession(String,String,String,boolean,String,String,float,int,int,
float,float,int,int,float,String,int,int,boolean,int,boolean,float,int,boolean,float,in
t,float,float,boolean,boolean,float,int,boolean,boolean,int,boolean,float,float,int,flo
at,boolean,int,List<String>,boolean,int,List<String>,boolean,boolean,boolean,float,floa
t,int,boolean,int,int,int,boolean,boolean,int,float,boolean,float,boolean,float,float,f
loat,float,boolean,boolean,boolean,boolean,int,int,boolean,int,int,int,int,int,boolean,
int,int,boolean,float,int,float,boolean,int,float)不适用
      (实际参数列表和形式参数列表长度不同)
E:\代码\MC模组\Life_contract - 副本\src\main\java\org\alku\life_contract\Profession.java:222:
 错误: 对于Profession(String,String,String,boolean,String,String,float,int,int,float,float,
int,int,float,String,int,int,boolean,int,boolean,float,int,boolean,float,int,float,floa
t,boolean,boolean,float,int,boolean,boolean,int,boolean,float,float,int,float,boolean,i
nt,List<String>,boolean,int,List<String>,boolean,boolean,boolean,float,float,int,boolea
n,int,int,int,boolean,boolean,int,float,boolean,float,boolean,float,float,float,float,b
oolean,float,boolean,float,boolean,int,int), 找不到合适的构造器
        this(id, name, description, requiresPassword, password, iconItem, bonusDamagePe
rcent, slownessLevel, weaknessLevel, bonusArmor, poisonChance, poisonDuration, poisonDa
mage, fireDamageMultiplier, resourceItem, resourceInterval, resourceAmount, hasEnderPea
rlAbility, enderPearlCooldown, waterDamage, waterDamageAmount, waterDamageInterval, fir
eTrailEnabled, fireTrailDamage, fireTrailDuration, fireTrailRadius, fireDamageBonusPerc
ent, fireImmunity, waterWeakness, waterWeaknessDamagePercent, waterWeaknessInterval, ra
inWeakness, isFaceless, switchInterval, canMountCreatures, mountSpeedBonus, mountDamage
Bonus, mountControlRange, mountHealthBonus, hasGachaAbility, gachaInterval, gachaEntity
Pool, hasDiceAbility, diceCooldown, diceSkillPool, hasLuckyCloverAbility, hasDonkBowAbi
lity, false, 0.0f, 0.0f, 0, false, 100, 1, 5, false, false, 0, 0.0f, false, 0.0f, false
, 0.0f, 0.0f, 0.0f, 0.0f, false, 0.0f, false, 0.0f, false, 0, 0);
        ^
    构造器 Profession.Profession(String,String,String,boolean,String,String)不适用
      (实际参数列表和形式参数列表长度不同)
    构造器 Profession.Profession(String,String,String,boolean,String,String,float)不适用
      (实际参数列表和形式参数列表长度不同)
    构造器 Profession.Profession(String,String,String,boolean,String,String,float,int,int,
float)不适用
      (实际参数列表和形式参数列表长度不同)
    构造器 Profession.Profession(String,String,String,boolean,String,String,float,int,int,
float,float,int,int,float,String,int,int)不适用
      (实际参数列表和形式参数列表长度不同)
    构造器 Profession.Profession(String,String,String,boolean,String,String,float,int,int,
float,float,int,int,float,String,int,int,boolean,int,boolean,float,int)不适用
      (实际参数列表和形式参数列表长度不同)
    构造器 Profession.Profession(String,String,String,boolean,String,String,float,int,int,
float,float,int,int,float,String,int,int,boolean,int,boolean,float,int,boolean,float,in
t,float,float,boolean,boolean,float,int,boolean)不适用
      (实际参数列表和形式参数列表长度不同)
    构造器 Profession.Profession(String,String,String,boolean,String,String,float,int,int,
float,float,int,int,float,String,int,int,boolean,int,boolean,float,int,boolean,float,in
t,float,float,boolean,boolean,float,int,boolean,boolean,int)不适用
      (实际参数列表和形式参数列表长度不同)
    构造器 Profession.Profession(String,String,String,boolean,String,String,float,int,int,
float,float,int,int,float,String,int,int,boolean,int,boolean,float,int,boolean,float,in
t,float,float,boolean,boolean,float,int,boolean,boolean,int,boolean,float,float,int,flo
at,boolean,int,List<String>)不适用
      (实际参数列表和形式参数列表长度不同)
    构造器 Profession.Profession(String,String,String,boolean,String,String,float,int,int,
float,float,int,int,float,String,int,int,boolean,int,boolean,float,int,boolean,float,in
t,float,float,boolean,boolean,float,int,boolean,boolean,int,boolean,float,float,int,flo
at,boolean,int,List<String>,boolean,int,List<String>)不适用
      (实际参数列表和形式参数列表长度不同)
    构造器 Profession.Profession(String,String,String,boolean,String,String,float,int,int,
float,float,int,int,float,String,int,int,boolean,int,boolean,float,int,boolean,float,in
t,float,float,boolean,boolean,float,int,boolean,boolean,int,boolean,float,float,int,flo
at,boolean,int,List<String>,boolean,int,List<String>,boolean)不适用
      (实际参数列表和形式参数列表长度不同)
    构造器 Profession.Profession(String,String,String,boolean,String,String,float,int,int,
float,float,int,int,float,String,int,int,boolean,int,boolean,float,int,boolean,float,in
t,float,float,boolean,boolean,float,int,boolean,boolean,int,boolean,float,float,int,flo
at,boolean,int,List<String>,boolean,int,List<String>,boolean,boolean)不适用
      (实际参数列表和形式参数列表长度不同)
    构造器 Profession.Profession(String,String,String,boolean,String,String,float,int,int,
float,float,int,int,float,String,int,int,boolean,int,boolean,float,int,boolean,float,in
t,float,float,boolean,boolean,float,int,boolean,boolean,int,boolean,float,float,int,flo
at,boolean,int,List<String>,boolean,int,List<String>,boolean,boolean,boolean,float,floa
t,int,boolean,int,int,int,boolean,boolean,int,float,boolean,float,boolean,float,float,f
loat,float,boolean,int,float)不适用
      (实际参数列表和形式参数列表长度不同)
    构造器 Profession.Profession(String,String,String,boolean,String,String,float,int,int,
float,float,int,int,float,String,int,int,boolean,int,boolean,float,int,boolean,float,in
t,float,float,boolean,boolean,float,int,boolean,boolean,int,boolean,float,float,int,flo
at,boolean,int,List<String>,boolean,int,List<String>,boolean,boolean,boolean,boolean,fl
oat,float,int,boolean,boolean,boolean)不适用
      (实际参数列表和形式参数列表长度不同)
    构造器 Profession.Profession(String,String,String,boolean,String,String,float,int,int,
float,float,int,int,float,String,int,int,boolean,int,boolean,float,int,boolean,float,in
t,float,float,boolean,boolean,float,int,boolean,boolean,int,boolean,float,float,int,flo
at,boolean,int,List<String>,boolean,int,List<String>,boolean,boolean,boolean,boolean,in
t,float,boolean,float,boolean,float,float,int)不适用
      (实际参数列表和形式参数列表长度不同)
    构造器 Profession.Profession(String,String,String,boolean,String,String,float,int,int,
float,float,int,int,float,String,int,int,boolean,int,boolean,float,int,boolean,float,in
t,float,float,boolean,boolean,float,int,boolean,boolean,int,boolean,float,float,int,flo
at,boolean,int,List<String>,boolean,int,List<String>,boolean,boolean,boolean,float,floa
t,int,boolean,int,int,int,boolean,boolean,int,float,boolean,float,boolean,float,float,f
loat,float,boolean,boolean,boolean,boolean,int,int,boolean,int,int,int,int,int,boolean,
int,int,boolean,float,int,float,boolean,int,float)不适用
      (实际参数列表和形式参数列表长度不同)
E:\代码\MC模组\Life_contract - 副本\src\main\java\org\alku\life_contract\Profession.java:1290
: 错误: 不兼容的类型: boolean无法转换为float
                tag.contains("hasEndlessMinerAbility") && tag.getBoolean("hasEndlessMin
erAbility"),
                                                       ^
E:\代码\MC模组\Life_contract - 副本\src\main\java\org\alku\life_contract\Profession.java:1502
: 错误: 不兼容的类型: boolean无法转换为float
                buffer.readBoolean(),
                                  ^
E:\代码\MC模组\Life_contract - 副本\src\main\java\org\alku\life_contract\Config.java:39: 警告: 
[removal] ResourceLocation 中的 ResourceLocation(String) 已过时, 且标记为待删除
        return obj instanceof final String itemName && ForgeRegistries.ITEMS.containsKe
y(new ResourceLocation(itemName));
                                                                                       
  ^
E:\代码\MC模组\Life_contract - 副本\src\main\java\org\alku\life_contract\Config.java:49: 警告: 
[removal] ResourceLocation 中的 ResourceLocation(String) 已过时, 且标记为待删除
        items = ITEM_STRINGS.get().stream().map(itemName -> ForgeRegistries.ITEMS.getVa
lue(new ResourceLocation(itemName))).collect(Collectors.toSet());
                                                                                       
    ^
E:\代码\MC模组\Life_contract - 副本\src\main\java\org\alku\life_contract\ContractEvents.java:
55: 错误: 找不到符号
        MutableComponent styledName = Component.literal("").withStyle(teamColor);
        ^
  符号:   类 MutableComponent
  位置: 类 ContractEvents
E:\代码\MC模组\Life_contract - 副本\src\main\java\org\alku\life_contract\ContractEvents.java:
89: 错误: 找不到符号
        MutableComponent result = Component.literal("").withStyle(teamColor);
        ^
  符号:   类 MutableComponent
  位置: 类 ContractEvents
E:\代码\MC模组\Life_contract - 副本\src\main\java\org\alku\life_contract\ContractEvents.java:
317: 错误: 找不到符号
            applyModifier(player, Attributes.ENTITY_INTERACTION_RANGE, "profession_atta
ck_reach", profession.getBonusAttackReach(), AttributeModifier.Operation.ADDITION);
                                            ^
  符号:   变量 ENTITY_INTERACTION_RANGE
  位置: 类 Attributes
E:\代码\MC模组\Life_contract - 副本\src\main\java\org\alku\life_contract\ContractEvents.java:
366: 错误: 找不到符号
        if (profession == null || !profession.isWaterDamage()) return;
                                             ^
  符号:   方法 isWaterDamage()
  位置: 类型为Profession的变量 profession
E:\代码\MC模组\Life_contract - 副本\src\main\java\org\alku\life_contract\ContractEvents.java:
393: 错误: 找不到符号
        if (profession == null || !profession.isFireTrailEnabled()) return;
                                             ^
  符号:   方法 isFireTrailEnabled()
  位置: 类型为Profession的变量 profession
E:\代码\MC模组\Life_contract - 副本\src\main\java\org\alku\life_contract\ContractEvents.java:
405: 错误: 找不到符号
        if (profession == null || !profession.isWaterWeakness()) return;
                                             ^
  符号:   方法 isWaterWeakness()
  位置: 类型为Profession的变量 profession
E:\代码\MC模组\Life_contract - 副本\src\main\java\org\alku\life_contract\ContractEvents.java:
434: 错误: 找不到符号
        List<Profession> professions = ProfessionConfig.getAllProfessions();
                                                       ^
  符号:   方法 getAllProfessions()
  位置: 类 ProfessionConfig
E:\代码\MC模组\Life_contract - 副本\src\main\java\org\alku\life_contract\ContractEvents.java:
486: 警告: [removal] ResourceLocation 中的 ResourceLocation(String) 已过时, 且标记为待删除
                    net.minecraft.resources.ResourceLocation itemLoc = new net.minecraf
t.resources.ResourceLocation(resourceItem);
                                                                       ^
E:\代码\MC模组\Life_contract - 副本\src\main\java\org\alku\life_contract\ContractEvents.java:
538: 错误: 找不到符号
            if (profession == null || !profession.isFireTrailEnabled()) continue;
                                                 ^
  符号:   方法 isFireTrailEnabled()
  位置: 类型为Profession的变量 profession
E:\代码\MC模组\Life_contract - 副本\src\main\java\org\alku\life_contract\CreatureEggItem.java
:58: 警告: [removal] ResourceLocation 中的 ResourceLocation(String) 已过时, 且标记为待删除
                net.minecraft.resources.ResourceLocation loc = new net.minecraft.resour
ces.ResourceLocation(entityTypeKey);
                                                               ^
E:\代码\MC模组\Life_contract - 副本\src\main\java\org\alku\life_contract\CreatureEggItem.java
:89: 警告: [removal] ResourceLocation 中的 ResourceLocation(String) 已过时, 且标记为待删除
                net.minecraft.resources.ResourceLocation loc = new net.minecraft.resour
ces.ResourceLocation(entityTypeKey);
                                                               ^
E:\代码\MC模组\Life_contract - 副本\src\main\java\org\alku\life_contract\CreatureEggItem.java
:309: 警告: [removal] ResourceLocation 中的 ResourceLocation(String) 已过时, 且标记为待删除
            new net.minecraft.resources.ResourceLocation(entityTypeKey)
            ^
E:\代码\MC模组\Life_contract - 副本\src\main\java\org\alku\life_contract\ExtendedArmorRendere
r.java:18: 警告: [removal] ResourceLocation 中的 ResourceLocation(String) 已过时, 且标记为待删除
    private static final ResourceLocation ARMOR_ICONS = new ResourceLocation("textures/
gui/icons.png");
                                                        ^
E:\代码\MC模组\Life_contract - 副本\src\main\java\org\alku\life_contract\FollowerWandScreen.j
ava:11: 警告: [removal] ResourceLocation 中的 ResourceLocation(String) 已过时, 且标记为待删除
    private static final ResourceLocation CONTAINER_LOCATION = new ResourceLocation("te
xtures/gui/container/generic_54.png");
                                                               ^
E:\代码\MC模组\Life_contract - 副本\src\main\java\org\alku\life_contract\GamblerDiceItem.java
:264: 警告: [removal] ResourceLocation 中的 ResourceLocation(String) 已过时, 且标记为待删除
            new net.minecraft.resources.ResourceLocation(entityId)
            ^
E:\代码\MC模组\Life_contract - 副本\src\main\java\org\alku\life_contract\Life_contract.java:1
14: 警告: [removal] FMLJavaModLoadingContext 中的 get() 已过时, 且标记为待删除
        IEventBus modEventBus = FMLJavaModLoadingContext.get().getModEventBus();
                                                        ^
E:\代码\MC模组\Life_contract - 副本\src\main\java\org\alku\life_contract\Life_contract.java:1
54: 警告: [removal] ResourceLocation 中的 ResourceLocation(String) 已过时, 且标记为待删除
                    new ResourceLocation("pull"),
                    ^
E:\代码\MC模组\Life_contract - 副本\src\main\java\org\alku\life_contract\Life_contract.java:1
63: 警告: [removal] ResourceLocation 中的 ResourceLocation(String) 已过时, 且标记为待删除
                    new ResourceLocation("pulling"),
                    ^
E:\代码\MC模组\Life_contract - 副本\src\main\java\org\alku\life_contract\Life_contract.java:1
68: 警告: [removal] ResourceLocation 中的 ResourceLocation(String) 已过时, 且标记为待删除
                    new ResourceLocation("pull"),
                    ^
E:\代码\MC模组\Life_contract - 副本\src\main\java\org\alku\life_contract\Life_contract.java:1
77: 警告: [removal] ResourceLocation 中的 ResourceLocation(String) 已过时, 且标记为待删除
                    new ResourceLocation("pulling"),
                    ^
E:\代码\MC模组\Life_contract - 副本\src\main\java\org\alku\life_contract\MineralGeneratorScre
en.java:13: 警告: [removal] ResourceLocation 中的 ResourceLocation(String) 已过时, 且标记为待删除
    private static final ResourceLocation CONTAINER_LOCATION = new ResourceLocation("te
xtures/gui/container/generic_54.png");
                                                               ^
E:\代码\MC模组\Life_contract - 副本\src\main\java\org\alku\life_contract\NetworkHandler.java:
18: 警告: [removal] ResourceLocation 中的 ResourceLocation(String,String) 已过时, 且标记为待删除
            new ResourceLocation(Life_contract.MODID, "main"),
            ^
E:\代码\MC模组\Life_contract - 副本\src\main\java\org\alku\life_contract\ProfessionScreen.jav
a:16: 警告: [removal] ResourceLocation 中的 ResourceLocation(String) 已过时, 且标记为待删除
    private static final ResourceLocation BACKGROUND_LOCATION = new ResourceLocation("t
extures/gui/demo_background.png");
                                                                ^
E:\代码\MC模组\Life_contract - 副本\src\main\java\org\alku\life_contract\ProfessionScreen.jav
a:163: 警告: [removal] ResourceLocation 中的 ResourceLocation(String) 已过时, 且标记为待删除
                net.minecraft.resources.ResourceLocation resourceLocation = new net.min
ecraft.resources.ResourceLocation(itemId);
                                                                            ^
E:\代码\MC模组\Life_contract - 副本\src\main\java\org\alku\life_contract\ShopScreen.java:11: 
警告: [removal] ResourceLocation 中的 ResourceLocation(String) 已过时, 且标记为待删除
    private static final ResourceLocation CONTAINER_LOCATION = new ResourceLocation("te
xtures/gui/container/generic_54.png");
                                                               ^
E:\代码\MC模组\Life_contract - 副本\src\main\java\org\alku\life_contract\TeamInventoryScreen.
java:11: 警告: [removal] ResourceLocation 中的 ResourceLocation(String) 已过时, 且标记为待删除
    private static final ResourceLocation CONTAINER_LOCATION = new ResourceLocation("te
xtures/gui/container/generic_54.png");
                                                               ^
E:\代码\MC模组\Life_contract - 副本\src\main\java\org\alku\life_contract\TradeSetupScreen.jav
a:13: 警告: [removal] ResourceLocation 中的 ResourceLocation(String) 已过时, 且标记为待删除
    private static final ResourceLocation CONTAINER_LOCATION = new ResourceLocation("te
xtures/gui/container/generic_54.png");
                                                               ^
E:\代码\MC模组\Life_contract - 副本\src\main\java\org\alku\life_contract\TradeShopScreen.java
:15: 警告: [removal] ResourceLocation 中的 ResourceLocation(String) 已过时, 且标记为待删除
    private static final ResourceLocation CONTAINER_LOCATION = new ResourceLocation("te
xtures/gui/container/generic_54.png");
                                                               ^
注: 某些输入文件使用或覆盖了已过时的 API。
注: 有关详细信息, 请使用 -Xlint:deprecation 重新编译。
注: 某些消息已经过简化; 请使用 -Xdiags:verbose 重新编译以获得完整输出
21 个错误
22 个警告

> Task :compileJava FAILED

FAILURE: Build failed with an exception.

* What went wrong:
Execution failed for task ':compileJava'.
> Compilation failed; see the compiler error output for details.

* Try:
> Run with --info option to get more log output.
> Run with --scan to get full insights.

BUILD FAILED in 14s
1 actionable task: 1 executed
